###############################################################################
#
# IAR ELF Linker V8.40.1.212/W32 for ARM                  15/Nov/2021  20:49:19
# Copyright 2007-2019 IAR Systems AB.
#
#    Output file  =
#        D:\FAKS\4 godina\Mikroprocesori\STM32CubeMX
#        zadaci\7-seg\EWARM\7-seg\Exe\7-seg.out
#    Map file     =
#        D:\FAKS\4 godina\Mikroprocesori\STM32CubeMX
#        zadaci\7-seg\EWARM\7-seg\List\7-seg.map
#    Command line =
#        -f C:\Users\Stefan\AppData\Local\Temp\EW24B6.tmp ("D:\FAKS\4
#        godina\Mikroprocesori\STM32CubeMX zadaci\7-seg\EWARM\7-seg\Obj\main.o"
#        "D:\FAKS\4 godina\Mikroprocesori\STM32CubeMX
#        zadaci\7-seg\EWARM\7-seg\Obj\startup_stm32f103x6.o" "D:\FAKS\4
#        godina\Mikroprocesori\STM32CubeMX
#        zadaci\7-seg\EWARM\7-seg\Obj\stm32f1xx_hal.o" "D:\FAKS\4
#        godina\Mikroprocesori\STM32CubeMX
#        zadaci\7-seg\EWARM\7-seg\Obj\stm32f1xx_hal_cortex.o" "D:\FAKS\4
#        godina\Mikroprocesori\STM32CubeMX
#        zadaci\7-seg\EWARM\7-seg\Obj\stm32f1xx_hal_dma.o" "D:\FAKS\4
#        godina\Mikroprocesori\STM32CubeMX
#        zadaci\7-seg\EWARM\7-seg\Obj\stm32f1xx_hal_exti.o" "D:\FAKS\4
#        godina\Mikroprocesori\STM32CubeMX
#        zadaci\7-seg\EWARM\7-seg\Obj\stm32f1xx_hal_flash.o" "D:\FAKS\4
#        godina\Mikroprocesori\STM32CubeMX
#        zadaci\7-seg\EWARM\7-seg\Obj\stm32f1xx_hal_flash_ex.o" "D:\FAKS\4
#        godina\Mikroprocesori\STM32CubeMX
#        zadaci\7-seg\EWARM\7-seg\Obj\stm32f1xx_hal_gpio.o" "D:\FAKS\4
#        godina\Mikroprocesori\STM32CubeMX
#        zadaci\7-seg\EWARM\7-seg\Obj\stm32f1xx_hal_gpio_ex.o" "D:\FAKS\4
#        godina\Mikroprocesori\STM32CubeMX
#        zadaci\7-seg\EWARM\7-seg\Obj\stm32f1xx_hal_msp.o" "D:\FAKS\4
#        godina\Mikroprocesori\STM32CubeMX
#        zadaci\7-seg\EWARM\7-seg\Obj\stm32f1xx_hal_pwr.o" "D:\FAKS\4
#        godina\Mikroprocesori\STM32CubeMX
#        zadaci\7-seg\EWARM\7-seg\Obj\stm32f1xx_hal_rcc.o" "D:\FAKS\4
#        godina\Mikroprocesori\STM32CubeMX
#        zadaci\7-seg\EWARM\7-seg\Obj\stm32f1xx_hal_rcc_ex.o" "D:\FAKS\4
#        godina\Mikroprocesori\STM32CubeMX
#        zadaci\7-seg\EWARM\7-seg\Obj\stm32f1xx_hal_tim.o" "D:\FAKS\4
#        godina\Mikroprocesori\STM32CubeMX
#        zadaci\7-seg\EWARM\7-seg\Obj\stm32f1xx_hal_tim_ex.o" "D:\FAKS\4
#        godina\Mikroprocesori\STM32CubeMX
#        zadaci\7-seg\EWARM\7-seg\Obj\stm32f1xx_it.o" "D:\FAKS\4
#        godina\Mikroprocesori\STM32CubeMX
#        zadaci\7-seg\EWARM\7-seg\Obj\system_stm32f1xx.o" --no_out_extension -o
#        "D:\FAKS\4 godina\Mikroprocesori\STM32CubeMX
#        zadaci\7-seg\EWARM\7-seg\Exe\7-seg.out" --redirect
#        _Printf=_PrintfFullNoMb --redirect _Scanf=_ScanfFullNoMb --map
#        "D:\FAKS\4 godina\Mikroprocesori\STM32CubeMX
#        zadaci\7-seg\EWARM\7-seg\List\7-seg.map" --config "D:\FAKS\4
#        godina\Mikroprocesori\STM32CubeMX
#        zadaci\7-seg\EWARM/stm32f103x6_flash.icf" --semihosting --entry
#        __iar_program_start --vfe --text_out locale)
#
###############################################################################

*******************************************************************************
*** RUNTIME MODEL ATTRIBUTES
***

CppFlavor       = *
__SystemLibrary = DLib
__dlib_version  = 6


*******************************************************************************
*** HEAP SELECTION
***

The basic heap was selected because some modules are built with
size limitations (and not runtime checking), and --advanced_heap
was not specified.


*******************************************************************************
*** PLACEMENT SUMMARY
***

"A0":  place at address 0x800'0000 { ro section .intvec };
"P1":  place in [from 0x800'0000 to 0x800'7fff] { ro };
define block CSTACK with size = 1K, alignment = 8 { };
define block HEAP with size = 512, alignment = 8 { };
"P2":  place in [from 0x2000'0000 to 0x2000'27ff] {
          rw, block CSTACK, block HEAP };
initialize by copy { rw };

  Section            Kind         Address   Size  Object
  -------            ----         -------   ----  ------
"A0":                                       0xec
  .intvec            ro code   0x800'0000   0xec  startup_stm32f103x6.o [1]
                             - 0x800'00ec   0xec

"P1":                                      0xc0c
  .text              ro code   0x800'00ec  0x496  stm32f1xx_hal_rcc.o [1]
  .text              ro code   0x800'0582   0x2e  copy_init3.o [3]
  .text              ro code   0x800'05b0    0xc  stm32f1xx_hal.o [1]
  .text              ro code   0x800'05bc   0x40  stm32f1xx_hal.o [1]
  .text              ro code   0x800'05fc   0xac  stm32f1xx_hal_cortex.o [1]
  .text              ro code   0x800'06a8  0x214  main.o [1]
  .text              ro code   0x800'08bc   0x24  stm32f1xx_hal.o [1]
  .text              ro code   0x800'08e0   0x14  memset.o [3]
  .text              ro code   0x800'08f4  0x1b0  stm32f1xx_hal_gpio.o [1]
  .text              ro code   0x800'0aa4   0x28  stm32f1xx_hal.o [1]
  .text              ro code   0x800'0acc   0x44  stm32f1xx_hal_msp.o [1]
  .text              ro code   0x800'0b10   0x66  ABImemset.o [3]
  .text              ro code   0x800'0b78   0x28  data_init.o [3]
  .iar.init_table    const     0x800'0ba0   0x14  - Linker created -
  .text              ro code   0x800'0bb4   0x1e  cmain.o [3]
  .text              ro code   0x800'0bd2    0x4  low_level_init.o [2]
  .text              ro code   0x800'0bd6    0x4  exit.o [2]
  .text              ro code   0x800'0bdc    0xa  cexit.o [3]
  .text              ro code   0x800'0be8   0x14  exit.o [4]
  .text              ro code   0x800'0bfc   0x14  stm32f1xx_it.o [1]
  .text              ro code   0x800'0c10   0x10  stm32f1xx_hal.o [1]
  .text              ro code   0x800'0c20   0x14  system_stm32f1xx.o [1]
  .text              ro code   0x800'0c34   0x10  startup_stm32f103x6.o [1]
  Initializer bytes  const     0x800'0c44   0x10  <for P2-1>
  .text              ro code   0x800'0c54    0xc  cstartup_M.o [3]
  .text              ro code   0x800'0c60    0x4  startup_stm32f103x6.o [1]
  .text              ro code   0x800'0c64    0x4  startup_stm32f103x6.o [1]
  .text              ro code   0x800'0c68    0x4  startup_stm32f103x6.o [1]
  .text              ro code   0x800'0c6c    0x4  startup_stm32f103x6.o [1]
  .text              ro code   0x800'0c70    0x4  startup_stm32f103x6.o [1]
  .text              ro code   0x800'0c74    0x4  startup_stm32f103x6.o [1]
  .text              ro code   0x800'0c78    0x4  startup_stm32f103x6.o [1]
  .text              ro code   0x800'0c7c    0x4  startup_stm32f103x6.o [1]
  .text              ro code   0x800'0c80    0x4  startup_stm32f103x6.o [1]
  .text              ro code   0x800'0c84    0x4  startup_stm32f103x6.o [1]
  .text              ro code   0x800'0c88    0x4  startup_stm32f103x6.o [1]
  .text              ro code   0x800'0c8c    0x4  startup_stm32f103x6.o [1]
  .text              ro code   0x800'0c90    0x4  startup_stm32f103x6.o [1]
  .text              ro code   0x800'0c94    0x4  startup_stm32f103x6.o [1]
  .text              ro code   0x800'0c98    0x4  startup_stm32f103x6.o [1]
  .text              ro code   0x800'0c9c    0x4  startup_stm32f103x6.o [1]
  .text              ro code   0x800'0ca0    0x4  startup_stm32f103x6.o [1]
  .text              ro code   0x800'0ca4    0x4  startup_stm32f103x6.o [1]
  .text              ro code   0x800'0ca8    0x4  startup_stm32f103x6.o [1]
  .text              ro code   0x800'0cac    0x4  startup_stm32f103x6.o [1]
  .text              ro code   0x800'0cb0    0x4  startup_stm32f103x6.o [1]
  .text              ro code   0x800'0cb4    0x4  startup_stm32f103x6.o [1]
  .text              ro code   0x800'0cb8    0x4  startup_stm32f103x6.o [1]
  .text              ro code   0x800'0cbc    0x4  startup_stm32f103x6.o [1]
  .text              ro code   0x800'0cc0    0x4  startup_stm32f103x6.o [1]
  .text              ro code   0x800'0cc4    0x4  startup_stm32f103x6.o [1]
  .text              ro code   0x800'0cc8    0x4  startup_stm32f103x6.o [1]
  .text              ro code   0x800'0ccc    0x4  startup_stm32f103x6.o [1]
  .text              ro code   0x800'0cd0    0x4  startup_stm32f103x6.o [1]
  .text              ro code   0x800'0cd4    0x4  startup_stm32f103x6.o [1]
  .text              ro code   0x800'0cd8    0x4  startup_stm32f103x6.o [1]
  .text              ro code   0x800'0cdc    0x4  startup_stm32f103x6.o [1]
  .text              ro code   0x800'0ce0    0x4  startup_stm32f103x6.o [1]
  .text              ro code   0x800'0ce4    0x4  startup_stm32f103x6.o [1]
  .text              ro code   0x800'0ce8    0x4  startup_stm32f103x6.o [1]
  .text              ro code   0x800'0cec    0x4  startup_stm32f103x6.o [1]
  .text              ro code   0x800'0cf0    0x4  startup_stm32f103x6.o [1]
  .text              ro code   0x800'0cf4    0x4  startup_stm32f103x6.o [1]
  .rodata            const     0x800'0cf8    0x0  copy_init3.o [3]
                             - 0x800'0cf8  0xc0c

"P2", part 1 of 2:                          0x10
  P2-1                        0x2000'0000   0x10  <Init block>
    .data            inited   0x2000'0000    0xc  stm32f1xx_hal.o [1]
    .data            inited   0x2000'000c    0x4  system_stm32f1xx.o [1]
                            - 0x2000'0010   0x10

"P2", part 2 of 2:                         0x400
  CSTACK                      0x2000'0010  0x400  <Block>
    CSTACK           uninit   0x2000'0010  0x400  <Block tail>
                            - 0x2000'0410  0x400

Unused ranges:

         From           To    Size
         ----           --    ----
   0x800'0cf8   0x800'7fff  0x7308
  0x2000'0410  0x2000'27ff  0x23f0


*******************************************************************************
*** INIT TABLE
***

          Address      Size
          -------      ----
Copy (__iar_copy_init3)
    1 source range, total size 0x10:
           0x800'0c44  0x10
    1 destination range, total size 0x10:
          0x2000'0000  0x10



*******************************************************************************
*** MODULE SUMMARY
***

    Module                  ro code  ro data  rw data
    ------                  -------  -------  -------
command line/config:
    -------------------------------------------------
    Total:

D:\FAKS\4 godina\Mikroprocesori\STM32CubeMX zadaci\7-seg\EWARM\7-seg\Obj: [1]
    main.o                      532
    startup_stm32f103x6.o       404
    stm32f1xx_hal.o             168       12       12
    stm32f1xx_hal_cortex.o      172
    stm32f1xx_hal_gpio.o        432
    stm32f1xx_hal_msp.o          68
    stm32f1xx_hal_rcc.o       1'174
    stm32f1xx_it.o               20
    system_stm32f1xx.o           20        4        4
    -------------------------------------------------
    Total:                    2'990       16       16

dl7M_tln.a: [2]
    exit.o                        4
    low_level_init.o              4
    -------------------------------------------------
    Total:                        8

rt7M_tl.a: [3]
    ABImemset.o                 102
    cexit.o                      10
    cmain.o                      30
    copy_init3.o                 46
    cstartup_M.o                 12
    data_init.o                  40
    memset.o                     20
    -------------------------------------------------
    Total:                      260

shb_l.a: [4]
    exit.o                       20
    -------------------------------------------------
    Total:                       20

    Gaps                          6
    Linker created                        20    1'024
-----------------------------------------------------
    Grand Total:              3'284       36    1'040


*******************************************************************************
*** ENTRY LIST
***

Entry                       Address   Size  Type      Object
-----                       -------   ----  ----      ------
.iar.init_table$$Base    0x800'0ba0          --   Gb  - Linker created -
.iar.init_table$$Limit   0x800'0bb4          --   Gb  - Linker created -
?main                    0x800'0bb5         Code  Gb  cmain.o [3]
AHBPrescTable            0x800'0c24   0x10  Data  Gb  system_stm32f1xx.o [1]
BusFault_Handler         0x800'0c03    0x2  Code  Gb  stm32f1xx_it.o [1]
CSTACK$$Base            0x2000'0010          --   Gb  - Linker created -
CSTACK$$Limit           0x2000'0410          --   Gb  - Linker created -
DebugMon_Handler         0x800'0c09    0x2  Code  Gb  stm32f1xx_it.o [1]
HAL_Delay                0x800'0aa5   0x28  Code  Wk  stm32f1xx_hal.o [1]
HAL_GPIO_Init            0x800'08f5  0x176  Code  Gb  stm32f1xx_hal_gpio.o [1]
HAL_GPIO_WritePin        0x800'0a6b    0x8  Code  Gb  stm32f1xx_hal_gpio.o [1]
HAL_GetTick              0x800'05b1    0xc  Code  Wk  stm32f1xx_hal.o [1]
HAL_IncTick              0x800'0c11   0x10  Code  Wk  stm32f1xx_hal.o [1]
HAL_Init                 0x800'08bd   0x20  Code  Gb  stm32f1xx_hal.o [1]
HAL_InitTick             0x800'05bd   0x40  Code  Wk  stm32f1xx_hal.o [1]
HAL_MspInit              0x800'0acd   0x44  Code  Gb  stm32f1xx_hal_msp.o [1]
HAL_NVIC_SetPriority     0x800'0631   0x3a  Code  Gb  stm32f1xx_hal_cortex.o [1]
HAL_NVIC_SetPriorityGrouping
                         0x800'0617   0x1a  Code  Gb  stm32f1xx_hal_cortex.o [1]
HAL_RCC_ClockConfig      0x800'0401   0xf4  Code  Gb  stm32f1xx_hal_rcc.o [1]
HAL_RCC_GetSysClockFreq
                         0x800'0509   0x3a  Code  Gb  stm32f1xx_hal_rcc.o [1]
HAL_RCC_GetSysClockFreq::aPLLMULFactorTable
                         0x800'0570   0x10  Data  Lc  stm32f1xx_hal_rcc.o [1]
HAL_RCC_GetSysClockFreq::aPredivFactorTable
                         0x800'0580    0x2  Data  Lc  stm32f1xx_hal_rcc.o [1]
HAL_RCC_OscConfig        0x800'00ed  0x30c  Code  Gb  stm32f1xx_hal_rcc.o [1]
HAL_SYSTICK_Config       0x800'066b   0x28  Code  Gb  stm32f1xx_hal_cortex.o [1]
HardFault_Handler        0x800'0bff    0x2  Code  Gb  stm32f1xx_it.o [1]
MemManage_Handler        0x800'0c01    0x2  Code  Gb  stm32f1xx_it.o [1]
NMI_Handler              0x800'0bfd    0x2  Code  Gb  stm32f1xx_it.o [1]
PendSV_Handler           0x800'0c0b    0x2  Code  Gb  stm32f1xx_it.o [1]
Region$$Table$$Base      0x800'0ba0          --   Gb  - Linker created -
Region$$Table$$Limit     0x800'0bb4          --   Gb  - Linker created -
SVC_Handler              0x800'0c07    0x2  Code  Gb  stm32f1xx_it.o [1]
SysTick_Handler          0x800'0c0d    0x4  Code  Gb  stm32f1xx_it.o [1]
SystemClock_Config       0x800'086b   0x52  Code  Gb  main.o [1]
SystemCoreClock         0x2000'000c    0x4  Data  Gb  system_stm32f1xx.o [1]
SystemInit               0x800'0c21    0x2  Code  Gb  system_stm32f1xx.o [1]
UsageFault_Handler       0x800'0c05    0x2  Code  Gb  stm32f1xx_it.o [1]
__NVIC_SetPriority       0x800'05fd   0x1a  Code  Lc  stm32f1xx_hal_cortex.o [1]
__aeabi_memset           0x800'0b11         Code  Gb  ABImemset.o [3]
__cmain                  0x800'0bb5         Code  Gb  cmain.o [3]
__exit                   0x800'0be9   0x14  Code  Gb  exit.o [4]
__iar_Memset             0x800'0b11         Code  Gb  ABImemset.o [3]
__iar_Memset_word        0x800'0b19         Code  Gb  ABImemset.o [3]
__iar_copy_init3         0x800'0583   0x2e  Code  Gb  copy_init3.o [3]
__iar_data_init3         0x800'0b79   0x28  Code  Gb  data_init.o [3]
__iar_program_start      0x800'0c55         Code  Gb  cstartup_M.o [3]
__low_level_init         0x800'0bd3    0x4  Code  Gb  low_level_init.o [2]
__vector_table           0x800'0000         Data  Gb  startup_stm32f103x6.o [1]
_call_main               0x800'0bc1         Code  Gb  cmain.o [3]
_exit                    0x800'0bdd         Code  Gb  cexit.o [3]
_main                    0x800'0bcf         Code  Gb  cmain.o [3]
exit                     0x800'0bd7    0x4  Code  Gb  exit.o [2]
main                     0x800'06a9  0x1a6  Code  Gb  main.o [1]
memset                   0x800'08e1   0x14  Code  Gb  memset.o [3]
uwTick                  0x2000'0004    0x4  Data  Gb  stm32f1xx_hal.o [1]
uwTickFreq              0x2000'0000    0x1  Data  Gb  stm32f1xx_hal.o [1]
uwTickPrio              0x2000'0008    0x4  Data  Gb  stm32f1xx_hal.o [1]


[1] = D:\FAKS\4 godina\Mikroprocesori\STM32CubeMX zadaci\7-seg\EWARM\7-seg\Obj
[2] = dl7M_tln.a
[3] = rt7M_tl.a
[4] = shb_l.a

  3'284 bytes of readonly  code memory
     36 bytes of readonly  data memory
  1'040 bytes of readwrite data memory

Errors: none
Warnings: none
